// Jest Snapshot v1, https://goo.gl/fbAQLP

exports[`MinnaToasts component should render correctly 1`] = `""`;
