// Jest Snapshot v1, https://goo.gl/fbAQLP

exports[`MinnaCollapse component renders correctly with no props 1`] = `
"<button class=\\"button\\">Expand â–¾</button>

<div class=\\"collapse-hide\\"></div>"
`;
