// Jest Snapshot v1, https://goo.gl/fbAQLP

exports[`MinnaTabs component renders correctly with defaults 1`] = `""`;
