// Jest Snapshot v1, https://goo.gl/fbAQLP

exports[`MinnaCodeView component renders correctly 1`] = `""`;
